[38;5;15m[INFO][39m -> This message was logged using my own custom logger!   
[38;5;15m[INFO][39m
[38;5;15m[INFO][39m -> This message was logged using my own custom logger!   
[38;5;15m[INFO][39m
[INFO] -> This message was logged using my own custom logger!   
[INFO]
[INFO] -> This message was logged using my own custom logger!   
[INFO]
[INFO] -> This message was logged using my own custom logger!   
[INFO]
[INFO] -> This message was logged using my own custom logger!   
[INFO]
[INFO] -> This message was logged using my own custom logger!   
[INFO]
[INFO] -> This message was logged using my own custom logger!   
[INFO]
[INFO] -> This message was logged using my own custom logger!   
[INFO]
[INFO] -> This message was logged using my own custom logger!   
[INFO]
[INFO] -> This message was logged using my own custom logger!   
[INFO]
